Output with ANSI styling:
┌────────────────────────────────┐
│]8;;#SecondAnchor\Link to a within-document anchor]8;;\│
└────────────────────────────────┘
────────────────────────────────────────────────────
┌───────┐
│]8;;https://example.com/1\child 1]8;;\│
└───────┘
────────────────────────────────────────────────────
]8;;https://example.com/2\child 2]8;;\
────────────────────────────────────────────────────
┌──────────────────┐
│──┬────────┐      │
│  │]8;;https://example.com/4\header 3]8;;\│      │
│  ├────────┘      │
│  └─┬──────────┐  │
│    │]8;;https://example.com/4\subchild 3]8;;\│  │
│    └──────────┘  │
└──────────────────┘
────────────────────────────────────────────────────
──┬────────┐
  │]8;;https://example.com/5\header 4]8;;\│
  ├────────┘
  └─┬──────────┐
    │]8;;https://example.com/5\subchild 4]8;;\│
    └──────────┘
────────────────────────────────────────────────────
┌───────┐
│child 5│
└───────┘
────────────────────────────────────────────────────
┌──────────────────┐
│┌────────┐        │
││]8;;https://example.com/6\header 6]8;;\│        │
│├────────┘        │
│└─┬───────┐       │
│  │]8;;https://example.com/6\child 6]8;;\│       │
│  ├───────┘       │
│  └─┬──────────┐  │
│    │]8;;https://example.com/7\subchild 6]8;;\│  │
│    └──────────┘  │
└──────────────────┘
────────────────────────────────────────────────────
{#FirstAnchor}┌──────────────────┐
              │anchor self-link 1│
              └──────────────────┘
────────────────────────────────────────────────────
{#SecondAnchor}silent anchor
└─subchild 7
────────────────────────────────────────────────────
{#ThirdAnchor}anchor self-link 2 after anchor link 2
└─subchild 8
────────────────────────────────────────────────────
]8;;https://example.com/8\external link 8]8;;\ after external link 8
Output without ANSI styling:
uri  │#SecondAnchor
─────┼──────────────────────────────────────────────
inner│┌────────────────────────────────┐
     ││Link to a within-document anchor│
     │└────────────────────────────────┘
─────┼──────────────────────────────────────────────
uri  │https://example.com/1
─────┼──────────────────────────────────────────────
inner│┌───────┐
     ││child 1│
     │└───────┘
─────┼──────────────────────────────────────────────
uri  │https://example.com/2
─────┼──────────────────────────────────────────────
inner│child 2
─────┴──────────────────────────────────────────────
┌─────┬────────────────────────┐
│uri  │https://example.com/3   │
├─────┼─────────────────────   │
│inner│                        │
│└─uri  │https://example.com/4 │
│  ─────┼───────────────────── │
│  inner│┌────────┐            │
│       ││header 3│            │
│       │├────────┘            │
│       │└─┬──────────┐        │
│       │  │subchild 3│        │
│       │  └──────────┘        │
└───────┴──────────────────────┘
─────┬──────────────────────────────────────────────
uri  │https://example.com/5
─────┼──────────────────────────────────────────────
inner│──┬────────┐
     │  │header 4│
     │  ├────────┘
     │  └─┬──────────┐
     │    │subchild 4│
     │    └──────────┘
─────┴──────────────────────────────────────────────
┌───────┐
│child 5│
└───────┘
─────┬──────────────────────────────────────────────
uri  │https://example.com/6
─────┼──────────────────────────────────────────────
inner│┌─────────────────────────────────┐
     ││┌────────┐                       │
     │││header 6│                       │
     ││├────────┘                       │
     ││└─┬───────┐                      │
     ││  │child 6│                      │
     ││  ├──────┬┘                      │
     ││  └─uri  │https://example.com/7  │
     ││    ─────┼─────────────────────  │
     ││    inner│┌──────────┐           │
     ││         ││subchild 6│           │
     ││         │└──────────┘           │
     │└─────────┴───────────────────────┘
─────┴──────────────────────────────────────────────
{#FirstAnchor}┌──────────────────┐
              │anchor self-link 1│
              └──────────────────┘
────────────────────────────────────────────────────
{#SecondAnchor}silent anchor
└─subchild 7
────────────────────────────────────────────────────
{#ThirdAnchor}anchor self-link 2 after anchor link 2
└─subchild 8
─────┬──────────────────────────────────────────────
uri  │https://example.com/8 after external link 8
─────┼─────────────────────
inner│external link 8
