<div><details><summary><span style="border:thin solid"><span>root</span></span></summary><ul><li><div><a href="#HiddenAnchor"><div>link to a hidden anchor</div></a></div></li><li><table class="framed"><tr><td><div>1</div></td></tr><tr><td><div>2</div></td></tr><tr><td><div>3</div></td></tr><tr><td><div>4</div></td></tr><tr><td><div>5</div></td></tr></table></li><li><div style="border:thin solid"><div>child 1</div></div></li><li><div>child 2</div></li><li><div style="border:thin solid"><div><div></div><ul><li><details><summary><span style="border:thin solid"><span>header 3</span></span></summary><ul><li><div style="border:thin solid"><div>subchild 3</div></div></li></ul></details></li></ul></div></div></li><li><div><div></div><ul><li><details><summary><span style="border:thin solid"><span>header 4</span></span></summary><ul><li><div>subchild 4</div></li></ul></details></li></ul></div></li><li><div style="border:thin solid"><details><summary><span>header 5</span></summary><ul><li><div>subchild 5</div></li></ul></details></div></li><li><div style="border:thin solid"><div>child 5</div></div></li><li><div>separator</div></li><li><details><summary><span><span><span><span>entry 0.1</span></span>&nbsp;<span><span>entry 0.2</span></span></span></span></summary><ul><li><div>child 5.5</div></li></ul></details></li><li><div>separator</div></li><li><details><summary><span><span><span><span>entry 1</span></span>&nbsp;<span><span style="border:thin solid"><span>entry 2</span></span></span></span></span></summary><ul><li><div>child 6</div></li></ul></details></li><li><a id="VisibleAnchor" href="#VisibleAnchor"><div>anchor (visible)</div></a></li><li><details><summary><span><span style="border:thin dotted"><span style="border:thin dotted"><a id="HiddenAnchor"></a></span>&nbsp;<span style="border:thin dotted"><span>entry 3</span></span>&nbsp;<span style="border:thin dotted"><span style="border:thin solid"><span>entry 4</span></span></span></span></span></summary><ul><li><div>child 7</div></li></ul></details></li><li><div>separator after hidden anchor</div></li><li><details><summary><span><span><span><span>entry 5</span></span></span><br/><span><span><span style="border:thin solid"><span>entry 6</span></span></span></span></span></summary><ul><li><div>child 8</div></li></ul></details></li><li><div>separator</div></li><li><details><summary><span><span style="border:thin dotted"><span style="border:thin dotted"><span>entry 7</span></span></span><br/><span style="border:thin dotted"><span style="border:thin dotted"><span style="border:thin solid"><span>entry 8</span></span></span></span></span></summary><ul><li><div>child 9</div></li></ul></details></li></ul></details></div>

